[
  {
    "jsonrpc": "2.0",
    "id": 1,
    "result": {
      "capabilities": {
        "textDocumentSync": {
          "openClose": true,
          "change": 2,
          "willSave": false,
          "willSaveWaitUntil": false,
          "save": {
            "includeText": false
          }
        },
        "hoverProvider": true,
        "completionProvider": {
          "resolveProvider": true,
          "triggerCharacters": [
            "$",
            ">",
            "\\",
            ":",
            "<"
          ]
        },
        "definitionProvider": true,
        "referencesProvider": true,
        "documentHighlightProvider": true,
        "documentSymbolProvider": true,
        "workspaceSymbolProvider": true,
        "codeActionProvider": false,
        "documentFormattingProvider": true,
        "documentRangeFormattingProvider": true,
        "renameProvider": false,
        "typeCoverageProvider": true,
        "rageProvider": true
      }
    }
  },
  {
    "jsonrpc": "2.0",
    "id": 2,
    "result": {
      "isIncomplete": false,
      "items": [
        {
          "label": "ab:cd:alpha",
          "kind": 7,
          "detail": "class",
          "inlineDetail": "class",
          "insertText": "ab:cd:alpha",
          "insertTextFormat": 1,
          "data": {
            "filename": "${root_path}${path_sep}completion_extras.php",
            "line": 9,
            "char_start": 13,
            "char_end": 24
          }
        },
        {
          "label": "ab:cd:text",
          "kind": 7,
          "detail": "class",
          "inlineDetail": "class",
          "insertText": "ab:cd:text",
          "insertTextFormat": 1,
          "data": {
            "filename": "${root_path}${path_sep}completion_extras.php",
            "line": 4,
            "char_start": 13,
            "char_end": 23
          }
        }
      ]
    }
  },
  {
    "jsonrpc": "2.0",
    "id": 3,
    "result": {
      "isIncomplete": false,
      "items": [
        {
          "label": "ab:cd:alpha",
          "kind": 7,
          "detail": "class",
          "inlineDetail": "class",
          "insertText": "ab:cd:alpha",
          "insertTextFormat": 1,
          "data": {
            "filename": "${root_path}${path_sep}completion_extras.php",
            "line": 9,
            "char_start": 13,
            "char_end": 24
          }
        },
        {
          "label": "ab:cd:text",
          "kind": 7,
          "detail": "class",
          "inlineDetail": "class",
          "insertText": "ab:cd:text",
          "insertTextFormat": 1,
          "data": {
            "filename": "${root_path}${path_sep}completion_extras.php",
            "line": 4,
            "char_start": 13,
            "char_end": 23
          }
        }
      ]
    }
  },
  {
    "jsonrpc": "2.0",
    "id": 4,
    "result": {
      "isIncomplete": false,
      "items": [
        {
          "label": "width",
          "kind": 10,
          "detail": "?int",
          "inlineDetail": "?int",
          "insertText": "width",
          "insertTextFormat": 1,
          "data": {
            "filename": "${root_path}${path_sep}completion_extras.php",
            "line": 5,
            "char_start": 27,
            "char_end": 29
          }
        },
        {
          "label": "color",
          "kind": 10,
          "detail": "?string",
          "inlineDetail": "?string",
          "insertText": "color",
          "insertTextFormat": 1,
          "data": {
            "filename": "${root_path}${path_sep}completion_extras.php",
            "line": 5,
            "char_start": 13,
            "char_end": 18
          }
        }
      ]
    }
  },
  {
    "jsonrpc": "2.0",
    "id": 5,
    "result": {
      "isIncomplete": false,
      "items": [
        {
          "label": "width",
          "kind": 10,
          "detail": "?int",
          "inlineDetail": "?int",
          "insertText": "width",
          "insertTextFormat": 1,
          "data": {
            "filename": "${root_path}${path_sep}completion_extras.php",
            "line": 5,
            "char_start": 27,
            "char_end": 29
          }
        },
        {
          "label": "color",
          "kind": 10,
          "detail": "?string",
          "inlineDetail": "?string",
          "insertText": "color",
          "insertTextFormat": 1,
          "data": {
            "filename": "${root_path}${path_sep}completion_extras.php",
            "line": 5,
            "char_start": 13,
            "char_end": 18
          }
        }
      ]
    }
  },
  {
    "jsonrpc": "2.0",
    "id": 6,
    "result": {
      "isIncomplete": false,
      "items": [
        {
          "label": ":ab:cd:alpha",
          "kind": 4,
          "detail": "function(): :ab:cd:alpha",
          "inlineDetail": "()",
          "itemType": ":ab:cd:alpha",
          "insertText": ":ab:cd:alpha",
          "insertTextFormat": 1,
          "data": {
            "filename": "${root_path}${path_sep}completion_extras.php",
            "line": 9,
            "char_start": 13,
            "char_end": 24
          }
        },
        {
          "label": ":ab:cd:text",
          "kind": 4,
          "detail": "function(): :ab:cd:text",
          "inlineDetail": "()",
          "itemType": ":ab:cd:text",
          "insertText": ":ab:cd:text",
          "insertTextFormat": 1,
          "data": {
            "filename": "${root_path}${path_sep}completion_extras.php",
            "line": 4,
            "char_start": 13,
            "char_end": 23
          }
        }
      ]
    }
  },
  {
    "jsonrpc": "2.0",
    "id": 7,
    "result": {
      "isIncomplete": false,
      "items": [
        {
          "label": ":ab:cd:alpha",
          "kind": 4,
          "detail": "function(): :ab:cd:alpha",
          "inlineDetail": "()",
          "itemType": ":ab:cd:alpha",
          "insertText": ":ab:cd:alpha",
          "insertTextFormat": 1,
          "data": {
            "filename": "${root_path}${path_sep}completion_extras.php",
            "line": 9,
            "char_start": 13,
            "char_end": 24
          }
        },
        {
          "label": ":ab:cd:text",
          "kind": 4,
          "detail": "function(): :ab:cd:text",
          "inlineDetail": "()",
          "itemType": ":ab:cd:text",
          "insertText": ":ab:cd:text",
          "insertTextFormat": 1,
          "data": {
            "filename": "${root_path}${path_sep}completion_extras.php",
            "line": 4,
            "char_start": 13,
            "char_end": 23
          }
        }
      ]
    }
  },
  {
    "jsonrpc": "2.0",
    "id": 8,
    "result": {
      "label": ":ab:cd:alpha",
      "kind": 4,
      "detail": "function(): :ab:cd:alpha",
      "inlineDetail": "()",
      "itemType": ":ab:cd:alpha",
      "documentation": ":ab:cd:alpha docblock",
      "insertText": ":ab:cd:alpha",
      "insertTextFormat": 1,
      "data": {
        "filename": "${root_path}${path_sep}completion_extras.php",
        "line": 9,
        "char_start": 13,
        "char_end": 24
      }
    }
  },
  {
    "jsonrpc": "2.0",
    "id": 9,
    "result": {
      "isIncomplete": false,
      "items": [
        {
          "label": ":width",
          "kind": 10,
          "detail": "?int",
          "inlineDetail": "?int",
          "insertText": ":width",
          "insertTextFormat": 1,
          "data": {
            "filename": "${root_path}${path_sep}completion_extras.php",
            "line": 5,
            "char_start": 27,
            "char_end": 29
          }
        },
        {
          "label": ":color",
          "kind": 10,
          "detail": "?string",
          "inlineDetail": "?string",
          "insertText": ":color",
          "insertTextFormat": 1,
          "data": {
            "filename": "${root_path}${path_sep}completion_extras.php",
            "line": 5,
            "char_start": 13,
            "char_end": 18
          }
        }
      ]
    }
  },
  {
    "jsonrpc": "2.0",
    "id": 10,
    "result": {
      "isIncomplete": false,
      "items": [
        {
          "label": ":width",
          "kind": 10,
          "detail": "?int",
          "inlineDetail": "?int",
          "insertText": ":width",
          "insertTextFormat": 1,
          "data": {
            "filename": "${root_path}${path_sep}completion_extras.php",
            "line": 5,
            "char_start": 27,
            "char_end": 29
          }
        },
        {
          "label": ":color",
          "kind": 10,
          "detail": "?string",
          "inlineDetail": "?string",
          "insertText": ":color",
          "insertTextFormat": 1,
          "data": {
            "filename": "${root_path}${path_sep}completion_extras.php",
            "line": 5,
            "char_start": 13,
            "char_end": 18
          }
        }
      ]
    }
  },
  {
    "jsonrpc": "2.0",
    "id": 11,
    "result": {
      "isIncomplete": false,
      "items": [
        {
          "label": "test_function",
          "kind": 3,
          "detail": "function(): void",
          "inlineDetail": "()",
          "itemType": "void",
          "insertText": "test_function",
          "insertTextFormat": 1,
          "data": {
            "filename": "${root_path}${path_sep}completion.php",
            "line": 8,
            "char_start": 10,
            "char_end": 22
          }
        }
      ]
    }
  },
  {
    "jsonrpc": "2.0",
    "id": 12,
    "result": {
      "label": "test_function",
      "kind": 3,
      "detail": "function(): void",
      "inlineDetail": "()",
      "itemType": "void",
      "documentation": "test_function docblock.",
      "insertText": "test_function",
      "insertTextFormat": 1,
      "data": {
        "filename": "${root_path}${path_sep}completion.php",
        "line": 8,
        "char_start": 10,
        "char_end": 22
      }
    }
  },
  {
    "jsonrpc": "2.0",
    "id": 99,
    "result": null
  },
  {
    "jsonrpc": "2.0",
    "method": "telemetry/event",
    "params": {
      "type": 4,
      "message": "Version in hhconfig=[NoVersion]"
    }
  }
]
