[
  {
    "jsonrpc": "2.0",
    "id": 1,
    "result": {
      "capabilities": {
        "textDocumentSync": {
          "openClose": true,
          "change": 2,
          "willSave": false,
          "willSaveWaitUntil": false,
          "save": {
            "includeText": false
          }
        },
        "hoverProvider": true,
        "completionProvider": {
          "resolveProvider": true,
          "triggerCharacters": [
            "$",
            ">",
            "\\",
            ":",
            "<",
            "[",
            "'",
            "\""
          ]
        },
        "signatureHelpProvider": {
          "triggerCharacters": [
            "(",
            ","
          ]
        },
        "definitionProvider": true,
        "typeDefinitionProvider": true,
        "referencesProvider": true,
        "documentHighlightProvider": true,
        "documentSymbolProvider": true,
        "workspaceSymbolProvider": true,
        "codeActionProvider": false,
        "documentFormattingProvider": true,
        "documentRangeFormattingProvider": true,
        "documentOnTypeFormattingProvider": {
          "firstTriggerCharacter": ";",
          "moreTriggerCharacter": [
            "}"
          ]
        },
        "renameProvider": true,
        "implementationProvider": true,
        "typeCoverageProvider": true,
        "rageProvider": true
      }
    }
  },
  {
    "jsonrpc": "2.0",
    "id": 20,
    "result": {
      "isIncomplete": false,
      "items": [
        {
          "label": "ab:cd:alpha",
          "kind": 7,
          "detail": "class",
          "inlineDetail": "class",
          "sortText": "ab:cd:alpha",
          "insertTextFormat": 1,
          "textEdit": {
            "range": {
              "start": {
                "line": 3,
                "character": 6
              },
              "end": {
                "line": 3,
                "character": 6
              }
            },
            "newText": "ab:cd:alpha"
          },
          "data": {
            "fullname": ":ab:cd:alpha"
          }
        },
        {
          "label": "ab:cd:text",
          "kind": 7,
          "detail": "class",
          "inlineDetail": "class",
          "sortText": "ab:cd:text",
          "insertTextFormat": 1,
          "textEdit": {
            "range": {
              "start": {
                "line": 3,
                "character": 6
              },
              "end": {
                "line": 3,
                "character": 6
              }
            },
            "newText": "ab:cd:text"
          },
          "data": {
            "fullname": ":ab:cd:text"
          }
        }
      ]
    }
  },
  {
    "jsonrpc": "2.0",
    "id": 30,
    "result": {
      "isIncomplete": false,
      "items": [
        {
          "label": "ab:cd:alpha",
          "kind": 7,
          "detail": "class",
          "inlineDetail": "class",
          "sortText": "ab:cd:alpha",
          "insertTextFormat": 1,
          "textEdit": {
            "range": {
              "start": {
                "line": 3,
                "character": 6
              },
              "end": {
                "line": 3,
                "character": 7
              }
            },
            "newText": "ab:cd:alpha"
          },
          "data": {
            "fullname": ":ab:cd:alpha"
          }
        },
        {
          "label": "ab:cd:text",
          "kind": 7,
          "detail": "class",
          "inlineDetail": "class",
          "sortText": "ab:cd:text",
          "insertTextFormat": 1,
          "textEdit": {
            "range": {
              "start": {
                "line": 3,
                "character": 6
              },
              "end": {
                "line": 3,
                "character": 7
              }
            },
            "newText": "ab:cd:text"
          },
          "data": {
            "fullname": ":ab:cd:text"
          }
        }
      ]
    }
  },
  {
    "jsonrpc": "2.0",
    "id": 32,
    "result": {
      "isIncomplete": false,
      "items": [
        {
          "label": "ab:cd:alpha",
          "kind": 7,
          "detail": "class",
          "inlineDetail": "class",
          "sortText": "ab:cd:alpha",
          "insertTextFormat": 1,
          "textEdit": {
            "range": {
              "start": {
                "line": 3,
                "character": 6
              },
              "end": {
                "line": 3,
                "character": 9
              }
            },
            "newText": "ab:cd:alpha"
          },
          "data": {
            "fullname": ":ab:cd:alpha"
          }
        },
        {
          "label": "ab:cd:text",
          "kind": 7,
          "detail": "class",
          "inlineDetail": "class",
          "sortText": "ab:cd:text",
          "insertTextFormat": 1,
          "textEdit": {
            "range": {
              "start": {
                "line": 3,
                "character": 6
              },
              "end": {
                "line": 3,
                "character": 9
              }
            },
            "newText": "ab:cd:text"
          },
          "data": {
            "fullname": ":ab:cd:text"
          }
        }
      ]
    }
  },
  {
    "jsonrpc": "2.0",
    "id": 40,
    "result": {
      "isIncomplete": false,
      "items": [
        {
          "label": "width",
          "kind": 10,
          "detail": "?int",
          "inlineDetail": "?int",
          "sortText": "width",
          "insertTextFormat": 1,
          "textEdit": {
            "range": {
              "start": {
                "line": 3,
                "character": 17
              },
              "end": {
                "line": 3,
                "character": 17
              }
            },
            "newText": "width"
          },
          "data": {
            "fullname": ":width",
            "filename": "${root_path}/completion_extras.php",
            "line": 5,
            "char": 27,
            "base_class": "\\:ab:cd:text"
          }
        },
        {
          "label": "color",
          "kind": 10,
          "detail": "?string",
          "inlineDetail": "?string",
          "sortText": "color",
          "insertTextFormat": 1,
          "textEdit": {
            "range": {
              "start": {
                "line": 3,
                "character": 17
              },
              "end": {
                "line": 3,
                "character": 17
              }
            },
            "newText": "color"
          },
          "data": {
            "fullname": ":color",
            "filename": "${root_path}/completion_extras.php",
            "line": 5,
            "char": 13,
            "base_class": "\\:ab:cd:text"
          }
        }
      ]
    }
  },
  {
    "jsonrpc": "2.0",
    "id": 50,
    "result": {
      "isIncomplete": false,
      "items": [
        {
          "label": "width",
          "kind": 10,
          "detail": "?int",
          "inlineDetail": "?int",
          "sortText": "width",
          "insertTextFormat": 1,
          "textEdit": {
            "range": {
              "start": {
                "line": 3,
                "character": 17
              },
              "end": {
                "line": 3,
                "character": 18
              }
            },
            "newText": "width"
          },
          "data": {
            "fullname": ":width",
            "filename": "${root_path}/completion_extras.php",
            "line": 5,
            "char": 27,
            "base_class": "\\:ab:cd:text"
          }
        },
        {
          "label": "color",
          "kind": 10,
          "detail": "?string",
          "inlineDetail": "?string",
          "sortText": "color",
          "insertTextFormat": 1,
          "textEdit": {
            "range": {
              "start": {
                "line": 3,
                "character": 17
              },
              "end": {
                "line": 3,
                "character": 18
              }
            },
            "newText": "color"
          },
          "data": {
            "fullname": ":color",
            "filename": "${root_path}/completion_extras.php",
            "line": 5,
            "char": 13,
            "base_class": "\\:ab:cd:text"
          }
        }
      ]
    }
  },
  {
    "jsonrpc": "2.0",
    "id": 60,
    "result": {
      "isIncomplete": false,
      "items": [
        {
          "label": ":ab:cd:alpha",
          "kind": 7,
          "detail": "class",
          "inlineDetail": "class",
          "sortText": ":ab:cd:alpha",
          "insertTextFormat": 1,
          "textEdit": {
            "range": {
              "start": {
                "line": 3,
                "character": 9
              },
              "end": {
                "line": 3,
                "character": 10
              }
            },
            "newText": ":ab:cd:alpha"
          },
          "data": {
            "fullname": ":ab:cd:alpha"
          }
        },
        {
          "label": ":ab:cd:text",
          "kind": 7,
          "detail": "class",
          "inlineDetail": "class",
          "sortText": ":ab:cd:text",
          "insertTextFormat": 1,
          "textEdit": {
            "range": {
              "start": {
                "line": 3,
                "character": 9
              },
              "end": {
                "line": 3,
                "character": 10
              }
            },
            "newText": ":ab:cd:text"
          },
          "data": {
            "fullname": ":ab:cd:text"
          }
        }
      ]
    }
  },
  {
    "jsonrpc": "2.0",
    "id": 70,
    "result": {
      "isIncomplete": false,
      "items": [
        {
          "label": ":ab:cd:alpha",
          "kind": 7,
          "detail": "class",
          "inlineDetail": "class",
          "sortText": ":ab:cd:alpha",
          "insertTextFormat": 1,
          "textEdit": {
            "range": {
              "start": {
                "line": 3,
                "character": 9
              },
              "end": {
                "line": 3,
                "character": 11
              }
            },
            "newText": ":ab:cd:alpha"
          },
          "data": {
            "fullname": ":ab:cd:alpha"
          }
        },
        {
          "label": ":ab:cd:text",
          "kind": 7,
          "detail": "class",
          "inlineDetail": "class",
          "sortText": ":ab:cd:text",
          "insertTextFormat": 1,
          "textEdit": {
            "range": {
              "start": {
                "line": 3,
                "character": 9
              },
              "end": {
                "line": 3,
                "character": 11
              }
            },
            "newText": ":ab:cd:text"
          },
          "data": {
            "fullname": ":ab:cd:text"
          }
        }
      ]
    }
  },
  {
    "jsonrpc": "2.0",
    "id": 80,
    "result": {
      "label": ":ab:cd:alpha",
      "kind": 4,
      "detail": "function(): :ab:cd:alpha",
      "inlineDetail": "()",
      "itemType": ":ab:cd:alpha",
      "documentation": {
        "kind": "markdown",
        "value": ":ab:cd:alpha docblock"
      },
      "insertText": ":ab:cd:alpha",
      "insertTextFormat": 1,
      "data": {
        "filename": "${root_path}/completion_extras.php",
        "line": 9,
        "char": 13
      }
    }
  },
  {
    "jsonrpc": "2.0",
    "id": 90,
    "result": {
      "isIncomplete": false,
      "items": [
        {
          "label": ":width",
          "kind": 10,
          "detail": "?int",
          "inlineDetail": "?int",
          "sortText": ":width",
          "insertTextFormat": 1,
          "textEdit": {
            "range": {
              "start": {
                "line": 3,
                "character": 29
              },
              "end": {
                "line": 3,
                "character": 29
              }
            },
            "newText": ":width"
          },
          "data": {
            "fullname": ":width",
            "filename": "${root_path}/completion_extras.php",
            "line": 5,
            "char": 27,
            "base_class": "\\:ab:cd:text"
          }
        },
        {
          "label": ":color",
          "kind": 10,
          "detail": "?string",
          "inlineDetail": "?string",
          "sortText": ":color",
          "insertTextFormat": 1,
          "textEdit": {
            "range": {
              "start": {
                "line": 3,
                "character": 29
              },
              "end": {
                "line": 3,
                "character": 29
              }
            },
            "newText": ":color"
          },
          "data": {
            "fullname": ":color",
            "filename": "${root_path}/completion_extras.php",
            "line": 5,
            "char": 13,
            "base_class": "\\:ab:cd:text"
          }
        }
      ]
    }
  },
  {
    "jsonrpc": "2.0",
    "id": 100,
    "result": {
      "isIncomplete": false,
      "items": [
        {
          "label": ":width",
          "kind": 10,
          "detail": "?int",
          "inlineDetail": "?int",
          "sortText": ":width",
          "insertTextFormat": 1,
          "textEdit": {
            "range": {
              "start": {
                "line": 3,
                "character": 29
              },
              "end": {
                "line": 3,
                "character": 30
              }
            },
            "newText": ":width"
          },
          "data": {
            "fullname": ":width",
            "filename": "${root_path}/completion_extras.php",
            "line": 5,
            "char": 27,
            "base_class": "\\:ab:cd:text"
          }
        },
        {
          "label": ":color",
          "kind": 10,
          "detail": "?string",
          "inlineDetail": "?string",
          "sortText": ":color",
          "insertTextFormat": 1,
          "textEdit": {
            "range": {
              "start": {
                "line": 3,
                "character": 29
              },
              "end": {
                "line": 3,
                "character": 30
              }
            },
            "newText": ":color"
          },
          "data": {
            "fullname": ":color",
            "filename": "${root_path}/completion_extras.php",
            "line": 5,
            "char": 13,
            "base_class": "\\:ab:cd:text"
          }
        }
      ]
    }
  },
  {
    "jsonrpc": "2.0",
    "id": 110,
    "result": {
      "isIncomplete": false,
      "items": [
        {
          "label": "test_function",
          "kind": 3,
          "detail": "function",
          "inlineDetail": "function",
          "sortText": "test_function",
          "insertTextFormat": 1,
          "textEdit": {
            "range": {
              "start": {
                "line": 3,
                "character": 0
              },
              "end": {
                "line": 3,
                "character": 8
              }
            },
            "newText": "test_function"
          },
          "data": {
            "fullname": "test_function"
          }
        }
      ]
    }
  },
  {
    "jsonrpc": "2.0",
    "id": 120,
    "result": {
      "label": "test_function",
      "kind": 3,
      "detail": "function(): void",
      "inlineDetail": "()",
      "itemType": "void",
      "documentation": {
        "kind": "markdown",
        "value": "test_function docblock."
      },
      "insertText": "test_function",
      "insertTextFormat": 1,
      "data": {
        "filename": "${root_path}/completion.php",
        "line": 8,
        "char": 10
      }
    }
  },
  {
    "jsonrpc": "2.0",
    "id": 130,
    "result": {
      "isIncomplete": false,
      "items": []
    }
  },
  {
    "jsonrpc": "2.0",
    "id": 140,
    "result": {
      "isIncomplete": false,
      "items": [
        {
          "label": "class",
          "kind": 21,
          "detail": "classname<this>",
          "inlineDetail": "classname<this>",
          "sortText": "class",
          "insertTextFormat": 1,
          "textEdit": {
            "range": {
              "start": {
                "line": 3,
                "character": 35
              },
              "end": {
                "line": 3,
                "character": 35
              }
            },
            "newText": "class"
          },
          "data": {
            "fullname": "class",
            "filename": "${root_path}/completion_extras.php",
            "line": 13,
            "char": 6,
            "base_class": "\\Elsa"
          }
        },
        {
          "label": "Bard",
          "kind": 21,
          "detail": "Elsa",
          "inlineDetail": "Elsa",
          "sortText": "Bard",
          "insertTextFormat": 1,
          "textEdit": {
            "range": {
              "start": {
                "line": 3,
                "character": 35
              },
              "end": {
                "line": 3,
                "character": 35
              }
            },
            "newText": "Bard"
          },
          "data": {
            "fullname": "Bard",
            "filename": "${root_path}/completion_extras.php",
            "line": 13,
            "char": 12,
            "base_class": "\\Elsa"
          }
        },
        {
          "label": "Alonso",
          "kind": 21,
          "detail": "Elsa",
          "inlineDetail": "Elsa",
          "sortText": "Alonso",
          "insertTextFormat": 1,
          "textEdit": {
            "range": {
              "start": {
                "line": 3,
                "character": 35
              },
              "end": {
                "line": 3,
                "character": 35
              }
            },
            "newText": "Alonso"
          },
          "data": {
            "fullname": "Alonso",
            "filename": "${root_path}/completion_extras.php",
            "line": 13,
            "char": 12,
            "base_class": "\\Elsa"
          }
        },
        {
          "label": "isValid",
          "kind": 2,
          "detail": "function(mixed $value): bool",
          "inlineDetail": "(mixed $value)",
          "itemType": "bool",
          "sortText": "isValid",
          "insertTextFormat": 1,
          "textEdit": {
            "range": {
              "start": {
                "line": 3,
                "character": 35
              },
              "end": {
                "line": 3,
                "character": 35
              }
            },
            "newText": "isValid"
          },
          "data": {
            "fullname": "isValid",
            "filename": "${hhi_path}/BuiltinEnum.hhi",
            "line": 49,
            "char": 32,
            "base_class": "\\Elsa"
          }
        },
        {
          "label": "getValues",
          "kind": 2,
          "detail": "function(): darray<string, Elsa>",
          "inlineDetail": "()",
          "itemType": "darray<string, Elsa>",
          "sortText": "getValues",
          "insertTextFormat": 1,
          "textEdit": {
            "range": {
              "start": {
                "line": 3,
                "character": 35
              },
              "end": {
                "line": 3,
                "character": 35
              }
            },
            "newText": "getValues"
          },
          "data": {
            "fullname": "getValues",
            "filename": "${hhi_path}/BuiltinEnum.hhi",
            "line": 34,
            "char": 32,
            "base_class": "\\Elsa"
          }
        },
        {
          "label": "getNames",
          "kind": 2,
          "detail": "function(): darray<Elsa, string>",
          "inlineDetail": "()",
          "itemType": "darray<Elsa, string>",
          "sortText": "getNames",
          "insertTextFormat": 1,
          "textEdit": {
            "range": {
              "start": {
                "line": 3,
                "character": 35
              },
              "end": {
                "line": 3,
                "character": 35
              }
            },
            "newText": "getNames"
          },
          "data": {
            "fullname": "getNames",
            "filename": "${hhi_path}/BuiltinEnum.hhi",
            "line": 43,
            "char": 32,
            "base_class": "\\Elsa"
          }
        },
        {
          "label": "coerce",
          "kind": 2,
          "detail": "function(mixed $value): ?Elsa",
          "inlineDetail": "(mixed $value)",
          "itemType": "?Elsa",
          "sortText": "coerce",
          "insertTextFormat": 1,
          "textEdit": {
            "range": {
              "start": {
                "line": 3,
                "character": 35
              },
              "end": {
                "line": 3,
                "character": 35
              }
            },
            "newText": "coerce"
          },
          "data": {
            "fullname": "coerce",
            "filename": "${hhi_path}/BuiltinEnum.hhi",
            "line": 56,
            "char": 32,
            "base_class": "\\Elsa"
          }
        },
        {
          "label": "assertAll",
          "kind": 2,
          "detail": "function(Traversable<mixed> $values): Container<Elsa>",
          "inlineDetail": "(Traversable<mixed> $values)",
          "itemType": "Container<Elsa>",
          "sortText": "assertAll",
          "insertTextFormat": 1,
          "textEdit": {
            "range": {
              "start": {
                "line": 3,
                "character": 35
              },
              "end": {
                "line": 3,
                "character": 35
              }
            },
            "newText": "assertAll"
          },
          "data": {
            "fullname": "assertAll",
            "filename": "${hhi_path}/BuiltinEnum.hhi",
            "line": 70,
            "char": 32,
            "base_class": "\\Elsa"
          }
        },
        {
          "label": "assert",
          "kind": 2,
          "detail": "function(mixed $value): Elsa",
          "inlineDetail": "(mixed $value)",
          "itemType": "Elsa",
          "sortText": "assert",
          "insertTextFormat": 1,
          "textEdit": {
            "range": {
              "start": {
                "line": 3,
                "character": 35
              },
              "end": {
                "line": 3,
                "character": 35
              }
            },
            "newText": "assert"
          },
          "data": {
            "fullname": "assert",
            "filename": "${hhi_path}/BuiltinEnum.hhi",
            "line": 63,
            "char": 32,
            "base_class": "\\Elsa"
          }
        }
      ]
    }
  },
  {
    "jsonrpc": "2.0",
    "id": 145,
    "result": {
      "label": "isValid",
      "kind": 2,
      "detail": "function(mixed $value): bool",
      "inlineDetail": "(mixed $value)",
      "itemType": "bool",
      "documentation": {
        "kind": "markdown",
        "value": "Returns whether or not the value is defined as a constant."
      },
      "insertTextFormat": 1,
      "textEdit": {
        "range": {
          "start": {
            "line": 3,
            "character": 35
          },
          "end": {
            "line": 3,
            "character": 35
          }
        },
        "newText": "isValid"
      },
      "data": {
        "filename": "${hhi_path}/BuiltinEnum.hhi",
        "line": 49,
        "char": 32
      }
    }
  },
  {
    "jsonrpc": "2.0",
    "id": 150,
    "result": {
      "isIncomplete": false,
      "items": []
    }
  },
  {
    "jsonrpc": "2.0",
    "id": 160,
    "result": {
      "isIncomplete": false,
      "items": [
        {
          "label": "test_func",
          "kind": 3,
          "detail": "function",
          "inlineDetail": "function",
          "sortText": "test_func",
          "insertTextFormat": 1,
          "textEdit": {
            "range": {
              "start": {
                "line": 3,
                "character": 8
              },
              "end": {
                "line": 3,
                "character": 8
              }
            },
            "newText": "test_func"
          },
          "data": {
            "fullname": "TestNS\\test_func"
          }
        }
      ]
    }
  },
  {
    "jsonrpc": "2.0",
    "id": 170,
    "result": {
      "isIncomplete": false,
      "items": [
        {
          "label": "interfaceDocBlockMethod",
          "kind": 2,
          "detail": "function(): void",
          "inlineDetail": "()",
          "itemType": "void",
          "sortText": "interfaceDocBlockMethod",
          "insertTextFormat": 1,
          "textEdit": {
            "range": {
              "start": {
                "line": 3,
                "character": 34
              },
              "end": {
                "line": 3,
                "character": 41
              }
            },
            "newText": "interfaceDocBlockMethod"
          },
          "data": {
            "fullname": "interfaceDocBlockMethod",
            "filename": "${root_path}/completion.php",
            "line": 18,
            "char": 19,
            "base_class": "\\CompletionClass"
          }
        }
      ]
    }
  },
  {
    "jsonrpc": "2.0",
    "id": 180,
    "result": {
      "label": "interfaceDocBlockMethod",
      "kind": 2,
      "detail": "function(): void",
      "inlineDetail": "()",
      "itemType": "void",
      "insertTextFormat": 1,
      "textEdit": {
        "range": {
          "start": {
            "line": 3,
            "character": 34
          },
          "end": {
            "line": 3,
            "character": 41
          }
        },
        "newText": "interfaceDocBlockMethod"
      },
      "data": {
        "filename": "${root_path}/completion.php",
        "line": 18,
        "char": 19
      }
    }
  },
  {
    "jsonrpc": "2.0",
    "id": 999,
    "result": null
  }
]
