[
  {
    "jsonrpc": "2.0",
    "id": 1,
    "result": {
      "capabilities": {
        "textDocumentSync": {
          "openClose": true,
          "change": 2,
          "willSave": false,
          "willSaveWaitUntil": false,
          "save": {
            "includeText": false
          }
        },
        "hoverProvider": true,
        "completionProvider": {
          "resolveProvider": true,
          "triggerCharacters": [
            "$",
            ">",
            "\\",
            ":",
            "<",
            "[",
            "'",
            "\""
          ]
        },
        "signatureHelpProvider": {
          "triggerCharacters": [
            "(",
            ","
          ]
        },
        "definitionProvider": true,
        "referencesProvider": true,
        "documentHighlightProvider": true,
        "documentSymbolProvider": true,
        "workspaceSymbolProvider": true,
        "codeActionProvider": false,
        "documentFormattingProvider": true,
        "documentRangeFormattingProvider": true,
        "documentOnTypeFormattingProvider": {
          "firstTriggerCharacter": ";",
          "moreTriggerCharacter": [
            "}"
          ]
        },
        "renameProvider": true,
        "typeCoverageProvider": true,
        "rageProvider": true
      }
    }
  },
  {
    "jsonrpc": "2.0",
    "id": 2,
    "result": {
      "contents": [
        {
          "language": "hack",
          "value": "int"
        }
      ],
      "range": {
        "start": {
          "line": 3,
          "character": 9
        },
        "end": {
          "line": 3,
          "character": 16
        }
      }
    }
  },
  {
    "jsonrpc": "2.0",
    "id": 3,
    "result": null
  },
  {
    "jsonrpc": "2.0",
    "id": 4,
    "result": null
  },
  {
    "jsonrpc": "2.0",
    "id": 5,
    "result": null
  },
  {
    "jsonrpc": "2.0",
    "id": 6,
    "result": null
  },
  {
    "jsonrpc": "2.0",
    "id": 7,
    "result": null
  },
  {
    "jsonrpc": "2.0",
    "id": 8,
    "result": null
  }
]