[
  {
    "jsonrpc": "2.0",
    "id": 1,
    "result": {
      "capabilities": {
        "textDocumentSync": {
          "openClose": true,
          "change": 2,
          "willSave": false,
          "willSaveWaitUntil": true,
          "save": {
            "includeText": false
          }
        },
        "hoverProvider": true,
        "completionProvider": {
          "resolveProvider": true,
          "triggerCharacters": [
            "$",
            ">",
            "\\",
            ":",
            "<",
            "[",
            "'",
            "\"",
            "{",
            "#"
          ]
        },
        "signatureHelpProvider": {
          "triggerCharacters": [
            "(",
            ","
          ]
        },
        "definitionProvider": true,
        "typeDefinitionProvider": true,
        "referencesProvider": true,
        "documentHighlightProvider": true,
        "documentSymbolProvider": true,
        "workspaceSymbolProvider": true,
        "codeActionProvider": {
          "resolveProvider": true
        },
        "documentFormattingProvider": true,
        "documentRangeFormattingProvider": true,
        "documentOnTypeFormattingProvider": {
          "firstTriggerCharacter": ";",
          "moreTriggerCharacter": [
            "}"
          ]
        },
        "renameProvider": true,
        "implementationProvider": true,
        "rageProvider": true,
        "experimental": {
          "snippetTextEdit": true,
          "autoCloseJsx": true
        }
      }
    }
  },
  {
    "jsonrpc": "2.0",
    "id": 11,
    "error": {
      "code": -32603,
      "message": "Error: no hh_server running. Either start hh_server yourself or run hh_client without --autostart-server false\nUnix.WEXITED 6"
    }
  },
  {
    "jsonrpc": "2.0",
    "id": 999,
    "result": null
  }
]
