[
  {
    "jsonrpc": "2.0",
    "id": 1,
    "result": {
      "capabilities": {
        "textDocumentSync": {
          "openClose": true,
          "change": 2,
          "willSave": false,
          "willSaveWaitUntil": true,
          "save": {
            "includeText": false
          }
        },
        "hoverProvider": true,
        "completionProvider": {
          "resolveProvider": true,
          "triggerCharacters": [
            "$",
            ">",
            "\\",
            ":",
            "<",
            "[",
            "'",
            "\"",
            "{",
            "#"
          ]
        },
        "signatureHelpProvider": {
          "triggerCharacters": [
            "(",
            ","
          ]
        },
        "definitionProvider": true,
        "typeDefinitionProvider": true,
        "referencesProvider": true,
        "documentHighlightProvider": true,
        "documentSymbolProvider": true,
        "workspaceSymbolProvider": true,
        "codeActionProvider": {
          "resolveProvider": true
        },
        "documentFormattingProvider": true,
        "documentRangeFormattingProvider": true,
        "documentOnTypeFormattingProvider": {
          "firstTriggerCharacter": ";",
          "moreTriggerCharacter": [
            "}"
          ]
        },
        "renameProvider": true,
        "implementationProvider": true,
        "rageProvider": true,
        "experimental": {
          "snippetTextEdit": true,
          "autoCloseJsx": true
        }
      }
    }
  },
  {
    "jsonrpc": "2.0",
    "id": 11,
    "error": {
      "code": -32800,
      "message": "Cancelled (displaced by another request)"
    }
  },
  {
    "jsonrpc": "2.0",
    "id": 12,
    "error": {
      "code": -32800,
      "message": "Cancelled (displaced by another request)"
    }
  },
  {
    "jsonrpc": "2.0",
    "id": 13,
    "result": [
      {
        "uri": "file://${root_path}/references.php",
        "range": {
          "start": {
            "line": 36,
            "character": 9
          },
          "end": {
            "line": 36,
            "character": 19
          }
        }
      },
      {
        "uri": "file://${root_path}/references2.php",
        "range": {
          "start": {
            "line": 3,
            "character": 2
          },
          "end": {
            "line": 3,
            "character": 12
          }
        }
      }
    ]
  },
  {
    "jsonrpc": "2.0",
    "id": 999,
    "result": null
  }
]
