[
  {
    "jsonrpc": "2.0",
    "id": 990,
    "result": {
      "capabilities": {
        "textDocumentSync": {
          "openClose": true,
          "change": 2,
          "willSave": false,
          "willSaveWaitUntil": false,
          "save": {
            "includeText": false
          }
        },
        "hoverProvider": true,
        "completionProvider": {
          "resolveProvider": true,
          "triggerCharacters": [
            "$",
            ">",
            "\\",
            ":",
            "<",
            "["
          ]
        },
        "signatureHelpProvider": {
          "triggerCharacters": [
            "(",
            ","
          ]
        },
        "definitionProvider": true,
        "referencesProvider": true,
        "documentHighlightProvider": true,
        "documentSymbolProvider": true,
        "workspaceSymbolProvider": true,
        "codeActionProvider": false,
        "documentFormattingProvider": true,
        "documentRangeFormattingProvider": true,
        "documentOnTypeFormattingProvider": {
          "firstTriggerCharacter": ";",
          "moreTriggerCharacter": [
            "}"
          ]
        },
        "renameProvider": true,
        "typeCoverageProvider": true,
        "rageProvider": true
      }
    }
  },
  {
    "jsonrpc": "2.0",
    "id": 1,
    "result": {
      "changes": {
        "file://${root_path}${path_sep}rename.php": [
          {
            "range": {
              "start": {
                "line": 3,
                "character": 8
              },
              "end": {
                "line": 3,
                "character": 16
              }
            },
            "newText": "NEW_CONSTANT"
          },
          {
            "range": {
              "start": {
                "line": 30,
                "character": 22
              },
              "end": {
                "line": 30,
                "character": 30
              }
            },
            "newText": "NEW_CONSTANT"
          },
          {
            "range": {
              "start": {
                "line": 9,
                "character": 38
              },
              "end": {
                "line": 9,
                "character": 46
              }
            },
            "newText": "NEW_CONSTANT"
          }
        ]
      }
    }
  },
  {
    "jsonrpc": "2.0",
    "id": 2,
    "result": {
      "changes": {
        "file://${root_path}${path_sep}rename.php": [
          {
            "range": {
              "start": {
                "line": 2,
                "character": 6
              },
              "end": {
                "line": 2,
                "character": 15
              }
            },
            "newText": "HistoryClass"
          },
          {
            "range": {
              "start": {
                "line": 32,
                "character": 19
              },
              "end": {
                "line": 32,
                "character": 28
              }
            },
            "newText": "HistoryClass"
          },
          {
            "range": {
              "start": {
                "line": 31,
                "character": 15
              },
              "end": {
                "line": 31,
                "character": 24
              }
            },
            "newText": "HistoryClass"
          },
          {
            "range": {
              "start": {
                "line": 30,
                "character": 11
              },
              "end": {
                "line": 30,
                "character": 20
              }
            },
            "newText": "HistoryClass"
          },
          {
            "range": {
              "start": {
                "line": 27,
                "character": 20
              },
              "end": {
                "line": 27,
                "character": 29
              }
            },
            "newText": "HistoryClass"
          },
          {
            "range": {
              "start": {
                "line": 9,
                "character": 27
              },
              "end": {
                "line": 9,
                "character": 36
              }
            },
            "newText": "HistoryClass"
          }
        ]
      }
    }
  },
  {
    "jsonrpc": "2.0",
    "id": 3,
    "result": {
      "changes": {
        "file://${root_path}${path_sep}rename.php": [
          {
            "range": {
              "start": {
                "line": 12,
                "character": 18
              },
              "end": {
                "line": 12,
                "character": 29
              }
            },
            "newText": "some_other_method"
          },
          {
            "range": {
              "start": {
                "line": 29,
                "character": 43
              },
              "end": {
                "line": 29,
                "character": 54
              }
            },
            "newText": "some_other_method"
          },
          {
            "range": {
              "start": {
                "line": 29,
                "character": 15
              },
              "end": {
                "line": 29,
                "character": 26
              }
            },
            "newText": "some_other_method"
          }
        ]
      }
    }
  },
  {
    "jsonrpc": "2.0",
    "id": 4,
    "result": {
      "changes": {
        "file://${root_path}${path_sep}rename.php": [
          {
            "range": {
              "start": {
                "line": 4,
                "character": 15
              },
              "end": {
                "line": 4,
                "character": 27
              }
            },
            "newText": "ANOTHER_STR_CONSTANT"
          },
          {
            "range": {
              "start": {
                "line": 31,
                "character": 26
              },
              "end": {
                "line": 31,
                "character": 38
              }
            },
            "newText": "ANOTHER_STR_CONSTANT"
          }
        ]
      }
    }
  },
  {
    "jsonrpc": "2.0",
    "id": 5,
    "result": {
      "changes": {
        "file://${root_path}${path_sep}rename.php": [
          {
            "range": {
              "start": {
                "line": 5,
                "character": 17
              },
              "end": {
                "line": 5,
                "character": 33
              }
            },
            "newText": "AVOGADRO_CONSTANT"
          },
          {
            "range": {
              "start": {
                "line": 32,
                "character": 30
              },
              "end": {
                "line": 32,
                "character": 46
              }
            },
            "newText": "AVOGADRO_CONSTANT"
          }
        ]
      }
    }
  },
  {
    "jsonrpc": "2.0",
    "id": 6,
    "result": {
      "changes": {
        "file://${root_path}${path_sep}rename.php": [
          {
            "range": {
              "start": {
                "line": 37,
                "character": 34
              },
              "end": {
                "line": 37,
                "character": 40
              }
            },
            "newText": "$kittens_and_rainbows"
          },
          {
            "range": {
              "start": {
                "line": 38,
                "character": 2
              },
              "end": {
                "line": 38,
                "character": 8
              }
            },
            "newText": "$kittens_and_rainbows"
          },
          {
            "range": {
              "start": {
                "line": 39,
                "character": 4
              },
              "end": {
                "line": 39,
                "character": 10
              }
            },
            "newText": "$kittens_and_rainbows"
          },
          {
            "range": {
              "start": {
                "line": 39,
                "character": 14
              },
              "end": {
                "line": 39,
                "character": 20
              }
            },
            "newText": "$kittens_and_rainbows"
          },
          {
            "range": {
              "start": {
                "line": 39,
                "character": 32
              },
              "end": {
                "line": 39,
                "character": 38
              }
            },
            "newText": "$kittens_and_rainbows"
          },
          {
            "range": {
              "start": {
                "line": 41,
                "character": 20
              },
              "end": {
                "line": 41,
                "character": 26
              }
            },
            "newText": "$kittens_and_rainbows"
          },
          {
            "range": {
              "start": {
                "line": 44,
                "character": 30
              },
              "end": {
                "line": 44,
                "character": 36
              }
            },
            "newText": "$kittens_and_rainbows"
          },
          {
            "range": {
              "start": {
                "line": 45,
                "character": 11
              },
              "end": {
                "line": 45,
                "character": 17
              }
            },
            "newText": "$kittens_and_rainbows"
          }
        ]
      }
    }
  },
  {
  "jsonrpc": "2.0",
  "id": 7,
  "result": {
    "changes": {
      "${php_file_uri}": [
        {
          "range": {
            "start": {
              "line": 21,
              "character": 18
            },
            "end": {
              "line": 21,
              "character": 35
            }
          },
          "newText": "new_and_improved"
        },
        {
          "range": {
            "start": {
              "line": 34,
              "character": 22
            },
            "end": {
              "line": 34,
              "character": 39
            }
          },
          "newText": "new_and_improved"
        },
        {
          "range": {
            "start": {
              "line": 15,
              "character": 0
            },
            "end": {
              "line": 15,
              "character": 0
            }
          },
          "newText": "\n  <<__Deprecated(\"Deprecated: Use `new_and_improved` instead\")>>\n  public function deprecated_method(int $x, string $y, int $v, ...): int {\n    return $this->new_and_improved($x, $y, $v, ...Vec\\drop(func_get_args(), 3));\n  }\n"
        }
      ]
    }
  }
},
  {
    "jsonrpc": "2.0",
    "id": 999,
    "result": null
  }
]