[
  {
    "jsonrpc": "2.0",
    "id": 1,
    "result": {
      "capabilities": {
        "textDocumentSync": {
          "openClose": true,
          "change": 2,
          "willSave": false,
          "willSaveWaitUntil": false,
          "save": {
            "includeText": false
          }
        },
        "hoverProvider": true,
        "completionProvider": {
          "resolveProvider": true,
          "triggerCharacters": [
            "$",
            ">",
            "\\",
            ":",
            "<"
          ]
        },
        "signatureHelpProvider": {
          "triggerCharacters": [
            "(",
            ","
          ]
        },
        "definitionProvider": true,
        "referencesProvider": true,
        "documentHighlightProvider": true,
        "documentSymbolProvider": true,
        "workspaceSymbolProvider": true,
        "codeActionProvider": false,
        "documentFormattingProvider": true,
        "documentRangeFormattingProvider": true,
        "documentOnTypeFormattingProvider": {
          "firstTriggerCharacter": ";",
          "moreTriggerCharacter": [
            "}"
          ]
        },
        "renameProvider": true,
        "typeCoverageProvider": true,
        "rageProvider": true
      }
    }
  },
    {
      "jsonrpc": "2.0",
      "id": 2,
      "result": {
        "changes": {
          "${php_file_uri}": [
              {
                "range": {
                  "start": {
                    "line": 6,
                    "character": 9
                  },
                  "end": {
                    "line": 6,
                    "character": 17
                  }
                },
                "newText": "function_b"
              },
              {
                "range": {
                  "start": {
                    "line": 3,
                    "character": 9
                  },
                  "end": {
                    "line": 3,
                    "character": 17
                  }
                },
                "newText": "function_b"
              }
            ]
        }
      }
    },
    {
      "jsonrpc": "2.0",
      "id": 3,
      "result": {
        "changes": {
          "${php_file_uri}": [
              {
                "range": {
                  "start": {
                    "line": 10,
                    "character": 6
                  },
                  "end": {
                    "line": 10,
                    "character": 15
                  }
                },
                "newText": "AnotherClass"
              },
              {
                "range": {
                  "start": {
                    "line": 19,
                    "character": 20
                  },
                  "end": {
                    "line": 19,
                    "character": 29
                  }
                },
                "newText": "AnotherClass"
              }
            ]
        }
      }
    },
    {
      "jsonrpc": "2.0",
      "id": 4,
      "result": {
        "changes": {
          "${php_file_uri}": [
              {
                "range": {
                  "start": {
                    "line": 13,
                    "character": 18
                  },
                  "end": {
                    "line": 13,
                    "character": 29
                  }
                },
                "newText": "some_other_method"
              },
              {
                "range": {
                  "start": {
                    "line": 20,
                    "character": 43
                  },
                  "end": {
                    "line": 20,
                    "character": 54
                  }
                },
                "newText": "some_other_method"
              },
              {
                "range": {
                  "start": {
                    "line": 20,
                    "character": 15
                  },
                  "end": {
                    "line": 20,
                    "character": 26
                  }
                },
                "newText": "some_other_method"
              }
            ]
        }
      }
    },
    {
      "jsonrpc": "2.0",
      "id": 5,
      "result": {
        "changes": {
          "${php_file_uri}": [
            {
              "range": {
                "start": {
                  "line": 23,
                  "character": 34
                },
                "end": {
                  "line": 23,
                  "character": 36
                }
              },
              "newText": "$unicorns"
            },
            {
              "range": {
                "start": {
                  "line": 24,
                  "character": 2
                },
                "end": {
                  "line": 24,
                  "character": 4
                }
              },
              "newText": "$unicorns"
            },
            {
              "range": {
                "start": {
                  "line": 25,
                  "character": 4
                },
                "end": {
                  "line": 25,
                  "character": 6
                }
              },
              "newText": "$unicorns"
            },
            {
              "range": {
                "start": {
                  "line": 25,
                  "character": 10
                },
                "end": {
                  "line": 25,
                  "character": 12
                }
              },
              "newText": "$unicorns"
            },
            {
              "range": {
                "start": {
                  "line": 25,
                  "character": 24
                },
                "end": {
                  "line": 25,
                  "character": 26
                }
              },
              "newText": "$unicorns"
            },
            {
              "range": {
                "start": {
                  "line": 27,
                  "character": 20
                },
                "end": {
                  "line": 27,
                  "character": 22
                }
              },
              "newText": "$unicorns"
            },
            {
              "range": {
                "start": {
                  "line": 30,
                  "character": 30
                },
                "end": {
                  "line": 30,
                  "character": 32
                }
              },
              "newText": "$unicorns"
            },
            {
              "range": {
                "start": {
                  "line": 31,
                  "character": 11
                },
                "end": {
                  "line": 31,
                  "character": 13
                }
              },
              "newText": "$unicorns"
            }
          ]
        }
      }
    },
    {
      "jsonrpc": "2.0",
      "id": 999,
      "result": null
    }
]
