[
  {
    "jsonrpc": "2.0",
    "id": 1,
    "result": {
      "capabilities": {
        "textDocumentSync": {
          "openClose": true,
          "change": 2,
          "willSave": false,
          "willSaveWaitUntil": false,
          "save": {
            "includeText": false
          }
        },
        "hoverProvider": true,
        "completionProvider": {
          "resolveProvider": true,
          "triggerCharacters": [
            "$",
            ">",
            "\\",
            ":",
            "<",
            "[",
            "'",
            "\""
          ]
        },
        "signatureHelpProvider": {
          "triggerCharacters": [
            "(",
            ","
          ]
        },
        "definitionProvider": true,
        "typeDefinitionProvider": true,
        "referencesProvider": true,
        "documentHighlightProvider": true,
        "documentSymbolProvider": true,
        "workspaceSymbolProvider": true,
        "codeActionProvider": false,
        "documentFormattingProvider": true,
        "documentRangeFormattingProvider": true,
        "documentOnTypeFormattingProvider": {
          "firstTriggerCharacter": ";",
          "moreTriggerCharacter": [
            "}"
          ]
        },
        "renameProvider": true,
        "typeCoverageProvider": true,
        "rageProvider": true
      }
    }
  },
  {
    "jsonrpc": "2.0",
    "id": 10,
    "result": null
  },
  {
    "jsonrpc": "2.0",
    "id": 20,
    "result": {
      "signatures": [
        {
          "label": "public function __construct(): _",
          "documentation": "Constructor with doc block",
          "parameters": []
        }
      ],
      "activeSignature": 0,
      "activeParameter": 0
    }
  },
  {
    "jsonrpc": "2.0",
    "id": 30,
    "result": null
  },
  {
    "jsonrpc": "2.0",
    "id": 40,
    "result": null
  },
  {
    "jsonrpc": "2.0",
    "id": 50,
    "result": {
      "signatures": [
        {
          "label": "public function instanceMethod(int $x1, int $x2): void",
          "documentation": "Instance method with doc block",
          "parameters": [
            {
              "label": "$x1"
            },
            {
              "label": "$x2"
            }
          ]
        }
      ],
      "activeSignature": 0,
      "activeParameter": 0
    }
  },
  {
    "jsonrpc": "2.0",
    "id": 60,
    "result": {
      "signatures": [
        {
          "label": "public function instanceMethod(int $x1, int $x2): void",
          "documentation": "Instance method with doc block",
          "parameters": [
            {
              "label": "$x1"
            },
            {
              "label": "$x2"
            }
          ]
        }
      ],
      "activeSignature": 0,
      "activeParameter": 1
    }
  },
  {
    "jsonrpc": "2.0",
    "id": 70,
    "result": {
      "signatures": [
        {
          "label": "public function instanceMethod(int $x1, int $x2): void",
          "documentation": "Instance method with doc block",
          "parameters": [
            {
              "label": "$x1"
            },
            {
              "label": "$x2"
            }
          ]
        }
      ],
      "activeSignature": 0,
      "activeParameter": 1
    }
  },
  {
    "jsonrpc": "2.0",
    "id": 80,
    "result": {
      "signatures": [
        {
          "label": "public function instanceMethod(int $x1, int $x2): void",
          "documentation": "Instance method with doc block",
          "parameters": [
            {
              "label": "$x1"
            },
            {
              "label": "$x2"
            }
          ]
        }
      ],
      "activeSignature": 0,
      "activeParameter": 1
    }
  },
  {
    "jsonrpc": "2.0",
    "id": 90,
    "result": null
  },
  {
    "jsonrpc": "2.0",
    "id": 100,
    "result": null
  },
  {
    "jsonrpc": "2.0",
    "id": 110,
    "result": {
      "signatures": [
        {
          "label": "public static function staticMethod(string $z): void",
          "documentation": "Static method with doc block",
          "parameters": [
            {
              "label": "$z"
            }
          ]
        }
      ],
      "activeSignature": 0,
      "activeParameter": 0
    }
  },
  {
    "jsonrpc": "2.0",
    "id": 120,
    "result": null
  },
  {
    "jsonrpc": "2.0",
    "id": 130,
    "result": {
      "signatures": [
        {
          "label": "function global_function(string $s, int $x): void",
          "documentation": "Global function with doc block",
          "parameters": [
            {
              "label": "$s"
            },
            {
              "label": "$x"
            }
          ]
        }
      ],
      "activeSignature": 0,
      "activeParameter": 0
    }
  },
  {
    "jsonrpc": "2.0",
    "id": 140,
    "result": null
  },
  {
    "jsonrpc": "2.0",
    "id": 150,
    "result": null
  },
  {
    "jsonrpc": "2.0",
    "id": 160,
    "result": {
      "signatures": [
        {
          "label": "function Herp\\aliased_global_func(string $s): void",
          "parameters": [
            {
              "label": "$s"
            }
          ]
        }
      ],
      "activeSignature": 0,
      "activeParameter": 0
    }
  },
  {
    "jsonrpc": "2.0",
    "id": 170,
    "result": {
      "signatures": [
        {
          "label": "function Herp\\aliased_global_func(string $s): void",
          "parameters": [
            {
              "label": "$s"
            }
          ]
        }
      ],
      "activeSignature": 0,
      "activeParameter": 0
    }
  },
  {
    "jsonrpc": "2.0",
    "id": 999,
    "result": null
  }
]
